// Jest Snapshot v1, https://goo.gl/fbAQLP

exports[`Feature: UI Component: Layout/ThemeSwitcher Scenario: Default renders a ThemeSwitch button 1`] = `[Function]`;
