// Jest Snapshot v1, https://goo.gl/fbAQLP

exports[`Feature: UI Component: Layout/SocialMenu Scenario: Default renders a GitHub and LinkedIn button 1`] = `[Function]`;
