// Jest Snapshot v1, https://goo.gl/fbAQLP

exports[`Feature: Wallet Component: ConnectButton/WalletProtectionWarning Scenario: Default should be visible and clickable 1`] = `[Function]`;
