// Jest Snapshot v1, https://goo.gl/fbAQLP

exports[`Feature: UI Component: Layout/ErrorFallback should be visible and show error message 1`] = `[Function]`;
