// Jest Snapshot v1, https://goo.gl/fbAQLP

exports[`Feature: Wallet Component: ConnectionModal/Steps/CheckWallet Scenario: InitFailed should be visible and show error 1`] = `[Function]`;

exports[`Feature: Wallet Component: ConnectionModal/Steps/CheckWallet Scenario: NotSupported should be visible and show error 1`] = `[Function]`;
