// Jest Snapshot v1, https://goo.gl/fbAQLP

exports[`Feature: UI Component: Layout/Copyright should be visible and show correct label and URL 1`] = `[Function]`;
