// Jest Snapshot v1, https://goo.gl/fbAQLP

exports[`Feature: UI Component: Layout/Footer Scenario: Error should render correctly 1`] = `[Function]`;
